/home/jens/winos/reactos/output-MinGW-i386/reactos/boot/empty
loader/efisys.bin=/home/jens/winos/reactos/output-MinGW-i386/reactos/boot/efisys.bin
loader/dosmbr.bin=/home/jens/winos/reactos/output-MinGW-i386/reactos/boot/freeldr/bootsect/dosmbr.bin
loader/ext2.bin=/home/jens/winos/reactos/output-MinGW-i386/reactos/boot/freeldr/bootsect/ext2.bin
loader/fat.bin=/home/jens/winos/reactos/output-MinGW-i386/reactos/boot/freeldr/bootsect/fat.bin
loader/fat32.bin=/home/jens/winos/reactos/output-MinGW-i386/reactos/boot/freeldr/bootsect/fat32.bin
loader/isoboot.bin=/home/jens/winos/reactos/output-MinGW-i386/reactos/boot/freeldr/bootsect/isoboot.bin
loader/isobtrt.bin=/home/jens/winos/reactos/output-MinGW-i386/reactos/boot/freeldr/bootsect/isobtrt.bin
loader/freeldr.sys=/home/jens/winos/reactos/output-MinGW-i386/reactos/boot/freeldr/freeldr/freeldr.sys
loader/setupldr.sys=/home/jens/winos/reactos/output-MinGW-i386/reactos/boot/freeldr/freeldr/setupldr.sys
reactos/reactos.inf=/home/jens/winos/reactos/output-MinGW-i386/reactos/boot/bootdata/packages/reactos.inf
reactos/txtsetup.sif=/home/jens/winos/reactos/boot/bootdata/txtsetup.sif
/icon.ico=/home/jens/winos/reactos/boot/bootdata/icon.ico
/readme.txt=/home/jens/winos/reactos/boot/bootdata/readme.txt
/freeldr.ini=/home/jens/winos/reactos/boot/bootdata/bootcd.ini
reactos/unattend.inf=/home/jens/winos/reactos/boot/bootdata/bootcdregtest/unattend.inf
reactos/system32/boot/rosload.efi=/home/jens/winos/reactos/output-MinGW-i386/reactos/boot/environ/rosload.efi
reactos/system32/smss.exe=/home/jens/winos/reactos/output-MinGW-i386/reactos/base/setup/usetup/usetup.exe
reactos/system32/ntdll.dll=/home/jens/winos/reactos/output-MinGW-i386/reactos/dll/ntdll/ntdll.dll
reactos/system32/bootvid.dll=/home/jens/winos/reactos/output-MinGW-i386/reactos/drivers/base/bootvid/bootvid.dll
reactos/system32/drivers/condrv.sys=/home/jens/winos/reactos/output-MinGW-i386/reactos/drivers/base/condrv/condrv.sys
reactos/system32/kdcom.dll=/home/jens/winos/reactos/output-MinGW-i386/reactos/drivers/base/kdrosdbg/kdcom.dll
reactos/system32/drivers/nmidebug.sys=/home/jens/winos/reactos/output-MinGW-i386/reactos/drivers/base/nmidebug/nmidebug.sys
reactos/system32/drivers/acpi.sys=/home/jens/winos/reactos/output-MinGW-i386/reactos/drivers/bus/acpi/acpi.sys
reactos/system32/drivers/isapnp.sys=/home/jens/winos/reactos/output-MinGW-i386/reactos/drivers/bus/isapnp/isapnp.sys
reactos/system32/drivers/pci.sys=/home/jens/winos/reactos/output-MinGW-i386/reactos/drivers/bus/pci/pci.sys
reactos/system32/drivers/pcix.sys=/home/jens/winos/reactos/output-MinGW-i386/reactos/drivers/bus/pcix/pcix.sys
reactos/system32/drivers/pcmcia.sys=/home/jens/winos/reactos/output-MinGW-i386/reactos/drivers/bus/pcmcia/pcmcia.sys
reactos/system32/drivers/ksecdd.sys=/home/jens/winos/reactos/output-MinGW-i386/reactos/drivers/crypto/ksecdd/ksecdd.sys
reactos/system32/drivers/btrfs.sys=/home/jens/winos/reactos/output-MinGW-i386/reactos/drivers/filesystems/btrfs/btrfs.sys
reactos/system32/drivers/cdfs.sys=/home/jens/winos/reactos/output-MinGW-i386/reactos/drivers/filesystems/cdfs/cdfs.sys
reactos/system32/drivers/ext2fs.sys=/home/jens/winos/reactos/output-MinGW-i386/reactos/drivers/filesystems/ext2/ext2fs.sys
reactos/system32/drivers/fastfat.sys=/home/jens/winos/reactos/output-MinGW-i386/reactos/drivers/filesystems/fastfat/fastfat.sys
reactos/system32/drivers/ffs.sys=/home/jens/winos/reactos/output-MinGW-i386/reactos/drivers/filesystems/ffs/ffs.sys
reactos/system32/drivers/ntfs.sys=/home/jens/winos/reactos/output-MinGW-i386/reactos/drivers/filesystems/ntfs/ntfs.sys
reactos/system32/drivers/reiserfs.sys=/home/jens/winos/reactos/output-MinGW-i386/reactos/drivers/filesystems/reiserfs/reiserfs.sys
reactos/system32/drivers/udfs.sys=/home/jens/winos/reactos/output-MinGW-i386/reactos/drivers/filesystems/udfs/udfs.sys
reactos/system32/drivers/mountmgr.sys=/home/jens/winos/reactos/output-MinGW-i386/reactos/drivers/filters/mountmgr/mountmgr.sys
reactos/system32/drivers/hidclass.sys=/home/jens/winos/reactos/output-MinGW-i386/reactos/drivers/hid/hidclass/hidclass.sys
reactos/system32/drivers/hidparse.sys=/home/jens/winos/reactos/output-MinGW-i386/reactos/drivers/hid/hidparse/hidparse.sys
reactos/system32/drivers/hidusb.sys=/home/jens/winos/reactos/output-MinGW-i386/reactos/drivers/hid/hidusb/hidusb.sys
reactos/system32/drivers/kbdhid.sys=/home/jens/winos/reactos/output-MinGW-i386/reactos/drivers/hid/kbdhid/kbdhid.sys
reactos/system32/drivers/i8042prt.sys=/home/jens/winos/reactos/output-MinGW-i386/reactos/drivers/input/i8042prt/i8042prt.sys
reactos/system32/drivers/kbdclass.sys=/home/jens/winos/reactos/output-MinGW-i386/reactos/drivers/input/kbdclass/kbdclass.sys
reactos/system32/drivers/swenum.sys=/home/jens/winos/reactos/output-MinGW-i386/reactos/drivers/ksfilter/swenum/swenum.sys
reactos/system32/drivers/sacdrv.sys=/home/jens/winos/reactos/output-MinGW-i386/reactos/drivers/sac/driver/sacdrv.sys
reactos/system32/drivers/blue.sys=/home/jens/winos/reactos/output-MinGW-i386/reactos/drivers/setup/blue/blue.sys
reactos/system32/drivers/cdrom.sys=/home/jens/winos/reactos/output-MinGW-i386/reactos/drivers/storage/class/cdrom/cdrom.sys
reactos/system32/drivers/class2.sys=/home/jens/winos/reactos/output-MinGW-i386/reactos/drivers/storage/class/class2/class2.sys
reactos/system32/drivers/disk.sys=/home/jens/winos/reactos/output-MinGW-i386/reactos/drivers/storage/class/disk/disk.sys
reactos/system32/drivers/disk_new.sys=/home/jens/winos/reactos/output-MinGW-i386/reactos/drivers/storage/class/disk_new/disk_new.sys
reactos/system32/drivers/ramdisk.sys=/home/jens/winos/reactos/output-MinGW-i386/reactos/drivers/storage/class/ramdisk/ramdisk.sys
reactos/system32/drivers/classpnp.sys=/home/jens/winos/reactos/output-MinGW-i386/reactos/drivers/storage/classpnp/classpnp.sys
reactos/system32/drivers/floppy.sys=/home/jens/winos/reactos/output-MinGW-i386/reactos/drivers/storage/floppy/floppy.sys
reactos/system32/drivers/atapi.sys=/home/jens/winos/reactos/output-MinGW-i386/reactos/drivers/storage/ide/atapi/atapi.sys
reactos/system32/drivers/pciide.sys=/home/jens/winos/reactos/output-MinGW-i386/reactos/drivers/storage/ide/pciide/pciide.sys
reactos/system32/drivers/pciidex.sys=/home/jens/winos/reactos/output-MinGW-i386/reactos/drivers/storage/ide/pciidex/pciidex.sys
reactos/system32/drivers/uniata.sys=/home/jens/winos/reactos/output-MinGW-i386/reactos/drivers/storage/ide/uniata/uniata.sys
reactos/system32/drivers/buslogic.sys=/home/jens/winos/reactos/output-MinGW-i386/reactos/drivers/storage/port/buslogic/buslogic.sys
reactos/system32/drivers/scsiport.sys=/home/jens/winos/reactos/output-MinGW-i386/reactos/drivers/storage/scsiport/scsiport.sys
reactos/system32/drivers/usbccgp.sys=/home/jens/winos/reactos/output-MinGW-i386/reactos/drivers/usb/usbccgp/usbccgp.sys
reactos/system32/drivers/usbd.sys=/home/jens/winos/reactos/output-MinGW-i386/reactos/drivers/usb/usbd/usbd.sys
reactos/system32/drivers/usbehci.sys=/home/jens/winos/reactos/output-MinGW-i386/reactos/drivers/usb/usbehci/usbehci.sys
reactos/system32/drivers/usbhub.sys=/home/jens/winos/reactos/output-MinGW-i386/reactos/drivers/usb/usbhub/usbhub.sys
reactos/system32/drivers/usbohci.sys=/home/jens/winos/reactos/output-MinGW-i386/reactos/drivers/usb/usbohci/usbohci.sys
reactos/system32/drivers/usbport.sys=/home/jens/winos/reactos/output-MinGW-i386/reactos/drivers/usb/usbport/usbport.sys
reactos/system32/drivers/usbstor.sys=/home/jens/winos/reactos/output-MinGW-i386/reactos/drivers/usb/usbstor/usbstor.sys
reactos/system32/drivers/usbuhci.sys=/home/jens/winos/reactos/output-MinGW-i386/reactos/drivers/usb/usbuhci/usbuhci.sys
reactos/system32/drivers/wmilib.sys=/home/jens/winos/reactos/output-MinGW-i386/reactos/drivers/wmi/wmilib.sys
reactos/system32/hal.dll=/home/jens/winos/reactos/output-MinGW-i386/reactos/hal/halx86/hal.dll
reactos/system32/halacpi.dll=/home/jens/winos/reactos/output-MinGW-i386/reactos/hal/halx86/halacpi.dll
reactos/system32/halapic.dll=/home/jens/winos/reactos/output-MinGW-i386/reactos/hal/halx86/halapic.dll
reactos/system32/halaacpi.dll=/home/jens/winos/reactos/output-MinGW-i386/reactos/hal/halx86/halaacpi.dll
reactos/system32/l_intl.nls=/home/jens/winos/reactos/media/nls/l_intl.nls
reactos/system32/c_437.nls=/home/jens/winos/reactos/media/nls/c_437.nls
reactos/system32/c_1252.nls=/home/jens/winos/reactos/media/nls/c_1252.nls
reactos/vgafonts.cab=/home/jens/winos/reactos/output-MinGW-i386/reactos/media/vgafonts/vgafonts.cab
reactos/system32/drivers/green.sys=/home/jens/winos/reactos/output-MinGW-i386/reactos/modules/rosapps/drivers/green/green.sys
reactos/system32/ntoskrnl.exe=/home/jens/winos/reactos/output-MinGW-i386/reactos/ntoskrnl/ntoskrnl.exe
reactos/system32/ntkrnlmp.exe=/home/jens/winos/reactos/output-MinGW-i386/reactos/ntoskrnl/ntkrnlmp/ntkrnlmp.exe
reactos/registry.inf=/home/jens/winos/reactos/output-MinGW-i386/reactos/boot/bootdata/registry.inf
efi/boot/BCD=/home/jens/winos/reactos/output-MinGW-i386/reactos/boot/bootdata/BCD
reactos/reactos.cab=/home/jens/winos/reactos/output-MinGW-i386/reactos/reactos.cab